[2026-05-17 00:25:25] [INFO]   ✅ [CSV] grib2_table_4_2_local_index.csv → ok (251.0B)
[2026-05-17 00:25:26] [INFO]   ✅ [CSV] grib2_table_4_2_local_HPC.csv → ok (87.0B)
[2026-05-17 00:25:27] [INFO]   ✅ [CSV] grib2_table_4_2_3_0.csv → ok (10.4KB)
[2026-05-17 00:25:28] [INFO]   ✅ [Text] pci_ellips.txt → ok (6.1KB)
[2026-05-17 00:25:29] [INFO]   ✅ [CSV] s57expectedinput.csv → ok (20.4KB)
[2026-05-17 00:25:29] [INFO]   ✅ [JSON] tms_NZTM2000.json → ok (5.1KB)
[2026-05-17 00:25:30] [INFO]   ✅ [CSV] grib2_table_4_2_0_2.csv → ok (10.4KB)
[2026-05-17 00:25:31] [INFO]   ✅ [CSV] ozi_datum.csv → ok (8.3KB)
[2026-05-17 00:25:32] [INFO]   ✅ [CSV] grib2_table_4_2_0_20.csv → ok (11.7KB)
[2026-05-17 00:25:33] [INFO]   ✅ [CSV] grib2_table_4_2_4_7.csv → ok (9.1KB)
[2026-05-17 00:25:33] [INFO]   ✅ [CSV] grib2_table_4_2_10_3.csv → ok (9.5KB)
[2026-05-17 00:25:34] [INFO]   ✅ [CSV] grib2_table_4_2_0_190.csv → ok (9.0KB)
[2026-05-17 00:25:35] [INFO]   ✅ [CSV] grib2_table_4_2_4_2.csv → ok (9.2KB)
[2026-05-17 00:25:36] [INFO]   ✅ [CSV] s57objectclasses.csv → ok (52.2KB)
[2026-05-17 00:25:37] [INFO]   ❌ [XML] nitf_spec.xml: failed: Traceback (most recent call last):
  File "/home/sayelf/.local/venvs/markitdown/bin/markitdown", line 8, in <module>
    sys.exit(main())
             ~~~~^^
  File "/home/sayelf/.local/venvs/markitdo
[2026-05-17 00:25:37] [INFO]   ❌ [XML] vdv452.xml: failed: Traceback (most recent call last):
  File "/home/sayelf/.local/venvs/markitdown/bin/markitdown", line 8, in <module>
    sys.exit(main())
             ~~~~^^
  File "/home/sayelf/.local/venvs/markitdo
[2026-05-17 00:25:38] [INFO]   ✅ [CSV] grib2_table_4_2_0_21.csv → ok (9.8KB)
[2026-05-17 00:25:39] [INFO]   ✅ [CSV] grib2_table_4_2_0_17.csv → ok (912.0B)
[2026-05-17 00:25:40] [INFO]   ✅ [CSV] grib2_table_4_2_0_19.csv → ok (11.3KB)
[2026-05-17 00:25:41] [INFO]   ✅ [CSV] grib2_table_4_2_10_2.csv → ok (9.6KB)
[2026-05-17 00:25:41] [INFO]   ✅ [Text] pci_datum.txt → ok (44.0KB)
[2026-05-17 00:25:42] [INFO]   ✅ [JSON] ogr_fields_override.schema.json → ok (2.5KB)
[2026-05-17 00:25:43] [INFO]   ✅ [CSV] grib2_table_4_2_0_3.csv → ok (10.1KB)
[2026-05-17 00:25:44] [INFO]   ✅ [CSV] grib2_table_4_2_0_7.csv → ok (10.0KB)
[2026-05-17 00:25:45] [INFO]   ✅ [JSON] eedaconf.json → ok (411.0B)
[2026-05-17 00:25:45] [INFO]   ✅ [CSV] ozi_ellips.csv → ok (1.3KB)
[2026-05-17 00:25:46] [INFO]   ✅ [CSV] grib2_table_4_2_1_1.csv → ok (9.2KB)
[2026-05-17 00:25:47] [INFO]   ✅ [CSV] grib2_table_4_2_2_5.csv → ok (9.0KB)
[2026-05-17 00:25:48] [INFO]   ✅ [JSON] gdal_algorithm.schema.json → ok (7.2KB)
[2026-05-17 00:25:49] [INFO]   ✅ [CSV] grib2_table_4_2_3_6.csv → ok (808.0B)
[2026-05-17 00:25:50] [INFO]   ✅ [JSON] plscenesconf.json → ok (40.4KB)
[2026-05-17 00:25:50] [INFO]   ✅ [XML] gml_registry.xml → ok (6.5KB)
[2026-05-17 00:25:51] [INFO]   ✅ [CSV] grib2_table_4_2_0_13.csv → ok (9.1KB)
[2026-05-17 00:25:52] [INFO]   ✅ [Text] entry_points.txt → ok (65.0B)
[2026-05-17 00:25:53] [INFO]   ✅ [Text] top_level.txt → ok (47.0B)
[2026-05-17 00:25:54] [INFO]   ✅ [Text] top_level.txt → ok (9.0B)
[2026-05-17 00:25:54] [INFO]   ✅ [Text] top_level.txt → ok (11.0B)
[2026-05-17 00:25:55] [INFO]   ✅ [Text] LICENSE.txt → ok (1.4KB)
[2026-05-17 00:25:56] [INFO]   ✅ [Text] entry_points.txt → ok (48.0B)
[2026-05-17 00:25:57] [INFO]   ✅ [Text] top_level.txt → ok (7.0B)
[2026-05-17 00:25:58] [INFO]   ✅ [Text] top_level.txt → ok (8.0B)
[2026-05-17 00:25:58] [INFO]   ✅ [Text] LICENSE.txt → ok (1.5KB)
[2026-05-17 00:25:59] [INFO]   ✅ [Text] LICENSE.txt → ok (45.7KB)
[2026-05-17 00:26:00] [INFO]   ✅ [JSON] pydantic-core.cyclonedx.json → ok (122.4KB)
[2026-05-17 00:26:01] [INFO]   ✅ [Text] entry_points.txt → ok (39.0B)
[2026-05-17 00:26:02] [INFO]   ✅ [Text] top_level.txt → ok (6.0B)
[2026-05-17 00:26:02] [INFO]   ✅ [Text] top_level.txt → ok (7.0B)
[2026-05-17 00:26:03] [INFO]   ✅ [Text] LICENSE.txt → ok (1.0KB)
[2026-05-17 00:26:04] [INFO]   ✅ [Text] LICENSE.txt → ok (1.1KB)
[2026-05-17 00:26:05] [INFO]   ✅ [Text] top_level.txt → ok (9.0B)
[2026-05-17 00:26:06] [INFO]   ✅ [Text] top_level.txt → ok (8.0B)
[2026-05-17 00:26:06] [INFO]   ✅ [Text] top_level.txt → ok (4.0B)
[2026-05-17 00:26:07] [INFO]   ✅ [Text] top_level.txt → ok (8.0B)
[2026-05-17 00:26:08] [INFO]   ✅ [Text] entry_points.txt → ok (61.0B)
[2026-05-17 00:26:09] [INFO]   ✅ [Text] top_level.txt → ok (9.0B)
[2026-05-17 00:26:10] [INFO]   ✅ [JSON] providers.json → ok (776.1KB)
[2026-05-17 00:26:11] [INFO]   ✅ [Text] LICENSE.txt → ok (11.1KB)
[2026-05-17 00:26:11] [INFO]   ✅ [CSV] breast_cancer.csv → ok (117.1KB)
[2026-05-17 00:26:12] [INFO]   ✅ [CSV] linnerud_physiological.csv → ok (219.0B)
[2026-05-17 00:26:13] [INFO]   ✅ [CSV] iris.csv → ok (2.7KB)
[2026-05-17 00:26:14] [INFO]   ✅ [CSV] wine_data.csv → ok (10.9KB)
[2026-05-17 00:26:15] [INFO]   ✅ [CSV] linnerud_exercise.csv → ok (212.0B)
[2026-05-17 00:26:15] [INFO]   ✅ [Text] README.txt → ok (708.0B)
[2026-05-17 00:26:16] [INFO]   ✅ [Text] svmlight_multilabel.txt → ok (104.0B)
[2026-05-17 00:26:17] [INFO]   ✅ [Text] svmlight_classification.txt → ok (253.0B)
[2026-05-17 00:26:18] [INFO]   ✅ [Text] svmlight_invalid_order.txt → ok (23.0B)
[2026-05-17 00:26:19] [INFO]   ✅ [Text] svmlight_invalid.txt → ok (54.0B)
[2026-05-17 00:26:19] [INFO]   ✅ [Text] VERSION.txt → ok (6.0B)
[2026-05-17 00:26:20] [INFO]   ✅ [Text] entry_points.txt → ok (87.0B)
[2026-05-17 00:26:21] [INFO]   ✅ [Text] top_level.txt → ok (4.0B)
[2026-05-17 00:26:22] [INFO]   ✅ [Text] AUTHORS.txt → ok (11.0KB)
[2026-05-17 00:26:23] [INFO]   ✅ [Text] LICENSE.txt → ok (1.1KB)
[2026-05-17 00:26:23] [INFO]   ✅ [Text] LICENSE.txt → ok (1.4KB)
[2026-05-17 00:26:24] [INFO]   ✅ [JSON] auditwheel.cdx.json → ok (1.4KB)
[2026-05-17 00:26:25] [INFO]   ✅ [Text] japanese_utf8.txt → ok (269.0B)
[2026-05-17 00:26:26] [INFO]   ✅ [JSON] studentized_range_mpmath_ref.json → ok (28.6KB)
[2026-05-17 00:26:27] [INFO]   ✅ [Text] COPYING_QHULL.txt → ok (1.6KB)
[2026-05-17 00:26:27] [INFO]   ✅ [Text] pdist-jensenshannon-ml-iris.txt → ok (168.7KB)
[2026-05-17 00:26:28] [INFO]   ✅ [Text] pdist-minkowski-5.8-ml-iris.txt → ok (174.6KB)
[2026-05-17 00:26:29] [INFO]   ✅ [Text] selfdual-4d-polytope.txt → ok (480.0B)
[2026-05-17 00:26:30] [INFO]   ✅ [Text] cdist-X1.txt → ok (5.6KB)
[2026-05-17 00:26:31] [INFO]   ✅ [Text] pdist-cosine-ml.txt → ok (3.0KB)
[2026-05-17 00:26:31] [INFO]   ✅ [Text] pdist-double-inp.txt → ok (48.8KB)
[2026-05-17 00:26:32] [INFO]   ✅ [Text] pdist-jensenshannon-ml.txt → ok (2.8KB)
[2026-05-17 00:26:33] [INFO]   ✅ [Text] pdist-chebyshev-ml.txt → ok (3.0KB)
[2026-05-17 00:26:34] [INFO]   ✅ [Text] random-bool-data.txt → ok (5.9KB)
[2026-05-17 00:26:35] [INFO]   ✅ [Text] pdist-cityblock-ml.txt → ok (3.0KB)
[2026-05-17 00:26:35] [INFO]   ✅ [Text] random-double-data.txt → ok (73.2KB)
[2026-05-17 00:26:36] [INFO]   ✅ [Text] pdist-cityblock-ml-iris.txt → ok (174.6KB)
[2026-05-17 00:26:37] [INFO]   ✅ [Text] pdist-minkowski-3.2-ml-iris.txt → ok (174.6KB)
[2026-05-17 00:26:38] [INFO]   ✅ [Text] pdist-seuclidean-ml-iris.txt → ok (174.6KB)
[2026-05-17 00:26:39] [INFO]   ✅ [Text] pdist-hamming-ml.txt → ok (3.0KB)
[2026-05-17 00:26:39] [INFO]   ✅ [Text] pdist-correlation-ml-iris.txt → ok (174.6KB)
[2026-05-17 00:26:40] [INFO]   ✅ [Text] pdist-minkowski-3.2-ml.txt → ok (3.0KB)
[2026-05-17 00:26:41] [INFO]   ✅ [Text] pdist-cosine-ml-iris.txt → ok (174.6KB)
[2026-05-17 00:26:42] [INFO]   ✅ [Text] random-int-data.txt → ok (10.0KB)
[2026-05-17 00:26:43] [INFO]   ✅ [Text] pdist-euclidean-ml.txt → ok (3.0KB)
[2026-05-17 00:26:43] [INFO]   ✅ [Text] pdist-boolean-inp.txt → ok (48.8KB)
[2026-05-17 00:26:44] [INFO]   ✅ [Text] cdist-X2.txt → ok (11.2KB)
[2026-05-17 00:26:45] [INFO]   ✅ [Text] random-uint-data.txt → ok (8.5KB)
[2026-05-17 00:26:46] [INFO]   ✅ [Text] pdist-euclidean-ml-iris.txt → ok (174.6KB)
[2026-05-17 00:26:47] [INFO]   ✅ [Text] pdist-chebyshev-ml-iris.txt → ok (174.6KB)
[2026-05-17 00:26:47] [INFO]   ✅ [Text] pdist-correlation-ml.txt → ok (3.0KB)
[2026-05-17 00:26:48] [INFO]   ✅ [Text] pdist-spearman-ml.txt → ok (3.0KB)
[2026-05-17 00:26:49] [INFO]   ✅ [Text] pdist-seuclidean-ml.txt → ok (3.0KB)
[2026-05-17 00:26:50] [INFO]   ✅ [Text] pdist-jaccard-ml.txt → ok (3.0KB)
[2026-05-17 00:26:51] [INFO]   ✅ [Text] iris.txt → ok (14.6KB)
[2026-05-17 00:26:51] [INFO]   ✅ [Text] label_results.txt → ok (4.2KB)
[2026-05-17 00:26:52] [INFO]   ✅ [Text] label_strels.txt → ok (252.0B)
[2026-05-17 00:26:53] [INFO]   ✅ [Text] label_inputs.txt → ok (294.0B)
[2026-05-17 00:26:54] [INFO]   ✅ [Text] entry_points.txt → ok (34.0B)
[2026-05-17 00:26:55] [INFO]   ✅ [JSON] providers.json → ok (776.1KB)
[2026-05-17 00:26:56] [INFO]   ✅ [JSON] converter_state.json → ok (146.9KB)
[2026-05-17 00:26:56] [INFO] 转换完成: ✅ 811 成功, ⏭ 32 跳过, ❌ 43 失败
[2026-05-17 06:15:21] [INFO] 发现 3 个待转换文件（增量）
[2026-05-17 06:15:22] [INFO]   ❌ [YAML] none.yaml: failed: Traceback (most recent call last):
  File "/home/sayelf/.local/venvs/markitdown/bin/markitdown", line 8, in <module>
    sys.exit(main())
             ~~~~^^
  File "/home/sayelf/.local/venvs/markitdo
[2026-05-17 06:15:22] [INFO]   ✅ [JSON] converter_state.json → ok (146.9KB)
[2026-05-17 06:15:22] [INFO] 转换完成: ✅ 1 成功, ⏭ 1 跳过, ❌ 1 失败
[2026-05-17 12:15:21] [INFO] 发现 5 个待转换文件（增量）
[2026-05-17 12:15:22] [INFO]   ❌ [YAML] none.yaml: failed: Traceback (most recent call last):
  File "/home/sayelf/.local/venvs/markitdown/bin/markitdown", line 8, in <module>
    sys.exit(main())
             ~~~~^^
  File "/home/sayelf/.local/venvs/markitdo
[2026-05-17 12:15:22] [INFO]   ✅ [JSON] economic_cache.json → ok (2.2KB)
[2026-05-17 12:15:23] [INFO]   ✅ [JSON] rental_cache.json → ok (2.4KB)
[2026-05-17 12:15:24] [INFO]   ✅ [JSON] converter_state.json → ok (147.0KB)
[2026-05-17 12:15:25] [INFO]   ✅ [JSON] short-term-recall.json → ok (102.8KB)
[2026-05-17 12:15:25] [INFO] 转换完成: ✅ 4 成功, ⏭ 0 跳过, ❌ 1 失败
[2026-05-17 18:15:17] [INFO] 发现 5 个待转换文件（增量）
[2026-05-17 18:15:17] [INFO]   ✅ [JSON] competitor_report_20260517.json → ok (2.5KB)
[2026-05-17 18:15:18] [INFO]   ❌ [YAML] none.yaml: failed: Traceback (most recent call last):
  File "/home/sayelf/.local/venvs/markitdown/bin/markitdown", line 8, in <module>
    sys.exit(main())
             ~~~~^^
  File "/home/sayelf/.local/venvs/markitdo
[2026-05-17 18:15:19] [INFO]   ✅ [JSON] converter_state.json → ok (147.1KB)
[2026-05-17 18:15:20] [INFO]   ✅ [JSON] short-term-recall.json → ok (102.8KB)
[2026-05-17 18:15:20] [INFO] 转换完成: ✅ 3 成功, ⏭ 1 跳过, ❌ 1 失败
[2026-05-18 00:15:18] [INFO] 发现 4 个待转换文件（增量）
[2026-05-18 00:15:18] [INFO]   ❌ [YAML] none.yaml: failed: Traceback (most recent call last):
  File "/home/sayelf/.local/venvs/markitdown/bin/markitdown", line 8, in <module>
    sys.exit(main())
             ~~~~^^
  File "/home/sayelf/.local/venvs/markitdo
[2026-05-18 00:15:19] [INFO]   ✅ [JSON] converter_state.json → ok (147.1KB)
[2026-05-18 00:15:20] [INFO]   ✅ [JSON] design-tokens.json → ok (211.5KB)
[2026-05-18 00:15:21] [INFO]   ✅ [JSON] short-term-recall.json → ok (102.9KB)
[2026-05-18 00:15:21] [INFO] 转换完成: ✅ 3 成功, ⏭ 0 跳过, ❌ 1 失败
[2026-05-18 06:15:15] [INFO] 发现 2 个待转换文件（增量）
[2026-05-18 06:15:16] [INFO]   ❌ [YAML] none.yaml: failed: Traceback (most recent call last):
  File "/home/sayelf/.local/venvs/markitdown/bin/markitdown", line 8, in <module>
    sys.exit(main())
             ~~~~^^
  File "/home/sayelf/.local/venvs/markitdo
[2026-05-18 06:15:17] [INFO]   ✅ [JSON] converter_state.json → ok (147.1KB)
[2026-05-18 06:15:17] [INFO] 转换完成: ✅ 1 成功, ⏭ 0 跳过, ❌ 1 失败
[2026-05-18 16:15:19] [INFO] 发现 47 个待转换文件（增量）
[2026-05-18 16:15:19] [INFO]   ✅ [JSON] shared-search-stats.json → ok (354.0B)
[2026-05-18 16:15:20] [INFO]   ✅ [JSON] 85e7fa63524e31dad34b0e4667a8d28f.json → ok (1.9KB)
[2026-05-18 16:15:21] [INFO]   ✅ [JSON] 88f44d7198f0265e469770d7fbb2f084.json → ok (1.8KB)
[2026-05-18 16:15:22] [INFO]   ✅ [JSON] 82ab57491e2e1322cf8d07151d9140eb.json → ok (1.9KB)
[2026-05-18 16:15:23] [INFO]   ✅ [JSON] 86066ac686436adcc2c6714915b0fad6.json → ok (1.9KB)
[2026-05-18 16:15:23] [INFO]   ✅ [JSON] e56e3d4d24bd66e8c163c98a9c0c89d2.json → ok (1.9KB)
[2026-05-18 16:15:24] [INFO]   ✅ [JSON] dcc96c45b3291dbde14162a64e12d2c0.json → ok (1.8KB)
[2026-05-18 16:15:25] [INFO]   ✅ [JSON] 09fd8c252649a9ebf2e8c8cc98743951.json → ok (1.8KB)
[2026-05-18 16:15:26] [INFO]   ✅ [JSON] 658dc75f6042928a82109261132a0270.json → ok (1.9KB)
[2026-05-18 16:15:27] [INFO]   ✅ [JSON] 344cc56a5b0dcb1f8386865668144a93.json → ok (1.9KB)
[2026-05-18 16:15:27] [INFO]   ✅ [JSON] 94e939e71ef81d463de73bc5876c0f99.json → ok (1.9KB)
[2026-05-18 16:15:28] [INFO]   ✅ [JSON] 64efbbed35339c5033d0f9d229bf4c4d.json → ok (1.9KB)
[2026-05-18 16:15:29] [INFO]   ✅ [JSON] competitor_report_20260518.json → ok (2.5KB)
[2026-05-18 16:15:30] [INFO]   ✅ [JSON] keyword_research.json → ok (43.4KB)
[2026-05-18 16:15:31] [INFO]   ✅ [JSON] process_review.json → ok (40.5KB)
[2026-05-18 16:15:31] [INFO]   ✅ [JSON] content_calendar.json → ok (39.9KB)
[2026-05-18 16:15:32] [INFO]   ❌ [YAML] none.yaml: failed: Traceback (most recent call last):
  File "/home/sayelf/.local/venvs/markitdown/bin/markitdown", line 8, in <module>
    sys.exit(main())
             ~~~~^^
  File "/home/sayelf/.local/venvs/markitdo
[2026-05-18 16:15:33] [INFO]   ✅ [HTML] oerv-parents-love.html → ok (1.6KB)
[2026-05-18 16:15:34] [INFO]   ✅ [HTML] oerv-deck.html → ok (1.6KB)
[2026-05-18 16:15:35] [INFO]   ✅ [HTML] oerv-card-for-social.html → ok (1.6KB)
[2026-05-18 16:15:35] [INFO]   ✅ [CSV] content-calendar-weekly.csv → ok (7.2KB)
[2026-05-18 16:15:36] [INFO]   ✅ [HTML] oerv-deck-swiss.html → ok (1.6KB)
[2026-05-18 16:15:37] [INFO]   ✅ [JSON] outreach-queue-2026-05-18.json → ok (8.5KB)
[2026-05-18 16:15:38] [INFO]   ✅ [JSON] converter_state.json → ok (148.5KB)
[2026-05-18 16:15:39] [INFO]   ✅ [JSON] short-term-recall.json → ok (124.5KB)
[2026-05-18 16:15:39] [INFO] 转换完成: ✅ 24 成功, ⏭ 22 跳过, ❌ 1 失败
[2026-05-19 00:15:20] [INFO] 发现 19 个待转换文件（增量）
[2026-05-19 00:15:21] [INFO]   ✅ [Text] 2026-05-18-2100.txt → ok (3.5KB)
[2026-05-19 00:15:22] [INFO]   ✅ [JSON] competitor_report_20260518.json → ok (2.5KB)
[2026-05-19 00:15:22] [INFO]   ❌ [YAML] none.yaml: failed: Traceback (most recent call last):
  File "/home/sayelf/.local/venvs/markitdown/bin/markitdown", line 8, in <module>
    sys.exit(main())
             ~~~~^^
  File "/home/sayelf/.local/venvs/markitdo
[2026-05-19 00:15:23] [INFO]   ✅ [JSON] converter_state.json → ok (149.1KB)
[2026-05-19 00:15:24] [INFO]   ✅ [JSON] short-term-recall.json → ok (124.7KB)
[2026-05-19 00:15:24] [INFO] 转换完成: ✅ 4 成功, ⏭ 14 跳过, ❌ 1 失败
